// Jest Snapshot v1, https://goo.gl/fbAQLP

exports[`Header renders correctly 1`] = `
<header
  className="header"
>
  <img
    alt="alt"
    src="src"
  />
  <div
    className="header__content"
  >
    <div
      className="container"
    >
      <div
        className="header__contentInner"
      >
        <h1
          className="display-1"
        >
          title
        </h1>
        <p
          className="lead"
        >
          subtitle
        </p>
      </div>
    </div>
  </div>
</header>
`;
