// Jest Snapshot v1, https://jestjs.io/docs/snapshot-testing

exports[`404 renders correctly 1`] = `
<DocumentFragment>
  <main>
    <header />
    <section
      class="section"
    >
      <div
        class="container"
      >
        <div
          class="row"
        >
          <div
            class="col"
          >
            <h1>
              404: not found
            </h1>
            <p>
              You just hit a route that doesn't exist.
            </p>
          </div>
        </div>
      </div>
    </section>
  </main>
</DocumentFragment>
`;
