// Jest Snapshot v1, https://goo.gl/fbAQLP

exports[`NavBar renders with disabled dark mode (default) 1`] = `
<nav
  className="navBar navbar navbar-expand-md navbar-light fixed-top"
  data-cy="navBar"
  id="site-navbar"
>
  <img
    alt="logo"
    src="logo"
  />
  <input
    role="switch"
    type="checkbox"
  />
  <button
    aria-controls="basic-navbar-nav"
    aria-label="Toggle navigation"
    className="ml-right navbar-toggler collapsed"
    data-cy="navBarToggle"
    onClick={[Function]}
    type="button"
  >
    <span
      className="navbar-toggler-icon"
    />
  </button>
  <div
    aria-expanded={null}
    className="justify-content-center navbar-collapse collapse"
    id="basic-navbar-nav"
  >
    <div
      className="navBar__items navbar-nav"
      onKeyDown={[Function]}
    >
      <nav />
      <img
        alt="logo"
        src="logo"
      />
      <nav />
    </div>
  </div>
  <div
    className="darkModeToggle"
  >
    <input
      role="switch"
      type="checkbox"
    />
  </div>
</nav>
`;
