// Jest Snapshot v1, https://jestjs.io/docs/snapshot-testing

exports[`NavBar renders with disabled dark mode (default) 1`] = `
<nav
  className="navBar navbar navbar-expand-md navbar-light fixed-top"
  data-cy="navBar"
  id="site-navbar"
>
  <div
    className="d-block d-md-none"
  >
    <a
      aria-label="back to startpage"
      data-cy="navBarLinkLogo"
      href="/"
    >
      <img
        alt="Logo"
        height={80}
        loading="eager"
        src="../../../assets/logo.png"
        width={97}
      />
    </a>
  </div>
  <input
    role="switch"
    type="checkbox"
  />
  <button
    aria-controls="basic-navbar-nav"
    aria-label="Toggle navigation"
    className="ml-right navbar-toggler collapsed"
    data-cy="navBarToggle"
    onClick={[Function]}
    type="button"
  >
    <span
      className="navbar-toggler-icon"
    />
  </button>
  <div
    aria-expanded={null}
    className="justify-content-center navbar-collapse collapse"
    id="basic-navbar-nav"
  >
    <div
      className="navBar__items navbar-nav"
      onKeyDown={[Function]}
    >
      <nav />
      <nav />
      <nav />
      <div
        className="d-none d-md-block"
      >
        <a
          aria-label="back to startpage"
          data-cy="navBarLinkLogo"
          href="/"
        >
          <img
            alt="Logo"
            height={120}
            loading="eager"
            src="../../../assets/logo.png"
            width={146}
          />
        </a>
      </div>
      <nav />
      <nav />
    </div>
  </div>
  <div
    className="darkModeToggle"
  >
    <input
      role="switch"
      type="checkbox"
    />
  </div>
</nav>
`;
