// Jest Snapshot v1, https://goo.gl/fbAQLP

exports[`ContactForm snapshot renders correctly 1`] = `
<div
  className="contactForm"
>
  <div
    style={
      Object {
        "height": 0,
        "visibility": undefined,
      }
    }
  >
    <div
      className="react-reveal"
      style={
        Object {
          "opacity": undefined,
        }
      }
    >
      <form
        action="/thanks"
        className=""
        data-netlify="true"
        data-netlify-recaptcha="true"
        method="POST"
        name="contact"
        noValidate={true}
        onSubmit={[Function]}
      >
        <label
          className="form-label"
          htmlFor="contactFirstName"
        >
          Name *
        </label>
        <div
          className="form-row"
        >
          <div
            className="col-lg-6 col-12"
          >
            <div
              className="form-group"
            >
              <input
                aria-label="First name"
                className="form-control"
                id="contactFirstName"
                name="firstName"
                onChange={[Function]}
                required={true}
                type="text"
              />
              <small
                className="text-muted contactFormTextMuted form-text"
              >
                First name
              </small>
              <div
                className="invalid-feedback"
              >
                Please enter your first name.
              </div>
            </div>
          </div>
          <div
            className="col-lg-6 col-12"
          >
            <div
              className="form-group"
            >
              <input
                aria-label="Last name"
                className="form-control"
                id="contactLastName"
                name="lastName"
                onChange={[Function]}
                required={true}
                type="text"
              />
              <small
                className="text-muted contactFormTextMuted form-text"
              >
                Last name
              </small>
              <div
                className="invalid-feedback"
              >
                Please enter your last name.
              </div>
            </div>
          </div>
        </div>
        <div
          className="form-group"
        >
          <label
            className="form-label"
            htmlFor="contactEmail"
          >
            Email
             *
          </label>
          <input
            className="form-control"
            id="contactEmail"
            name="email"
            onChange={[Function]}
            required={true}
            type="text"
          />
          <div
            className="invalid-feedback"
          >
            Please enter a valid email address.
          </div>
        </div>
        <div
          className="form-group"
        >
          <label
            className="form-label"
            htmlFor="contactSubject"
          >
            Subject
             *
          </label>
          <input
            className="form-control"
            id="contactSubject"
            name="subject"
            onChange={[Function]}
            required={true}
            type="text"
          />
          <div
            className="invalid-feedback"
          >
            Please enter a subject.
          </div>
        </div>
        <div
          className="form-group"
        >
          <label
            className="form-label"
            htmlFor="contactMessage"
          >
            Message *
          </label>
          <textarea
            className="form-control"
            id="contactMessage"
            name="message"
            onChange={[Function]}
            required={true}
            rows="5"
          />
          <div
            className="invalid-feedback"
          >
            Please enter your message.
          </div>
        </div>
        <div
          className="form-group"
        >
          <div
            className="contactFormReCaptcha"
            id="contactRecaptcha"
          />
        </div>
        <button
          className="contactFormSubmitButton btn btn-primary"
          disabled={false}
          type="submit"
        >
          Submit
        </button>
      </form>
    </div>
  </div>
  <div
    style={
      Object {
        "height": 0,
        "visibility": "hidden",
      }
    }
  >
    <div
      className="react-reveal"
      style={
        Object {
          "opacity": 0,
        }
      }
    >
      <div
        className="fade contactFormSuccess alert alert-success show"
        role="alert"
      >
        <p>
          Thank you for your message. We're getting in touch with you soon.
        </p>
      </div>
    </div>
  </div>
</div>
`;
