// Jest Snapshot v1, https://jestjs.io/docs/snapshot-testing

exports[`ContactForm snapshot renders correctly 1`] = `
<DocumentFragment>
  <div
    class="contactForm"
  >
    <form
      action="/thanks"
      class=""
      data-cy="contactForm"
      data-netlify="true"
      data-netlify-recaptcha="true"
      method="POST"
      name="contact"
      novalidate=""
    >
      <label
        class="form-label"
        for="contactFirstName"
      >
        Name *
      </label>
      <div
        class="row"
      >
        <div
          class="col-lg-6 col-12"
        >
          <div
            class="mb-3"
            data-cy="contactFirstName"
          >
            <input
              aria-label="First name"
              class="form-control"
              id="contactFirstName"
              name="firstName"
              required=""
              type="text"
            />
            <small
              class="text-muted contactFormTextMuted form-text"
            >
              First name
            </small>
            <div
              class="invalid-feedback"
            >
              Please enter your first name.
            </div>
          </div>
        </div>
        <div
          class="col-lg-6 col-12"
        >
          <div
            class="mb-3"
            data-cy="contactLastName"
          >
            <input
              aria-label="Last name"
              class="form-control"
              id="contactLastName"
              name="lastName"
              required=""
              type="text"
            />
            <small
              class="text-muted contactFormTextMuted form-text"
            >
              Last name
            </small>
            <div
              class="invalid-feedback"
            >
              Please enter your last name.
            </div>
          </div>
        </div>
      </div>
      <div
        class="mb-3"
        data-cy="contactEmail"
      >
        <label
          class="form-label"
          for="contactEmail"
        >
          Email *
        </label>
        <input
          class="form-control"
          id="contactEmail"
          name="email"
          required=""
          type="email"
        />
        <div
          class="invalid-feedback"
        >
          Please enter a valid email address.
        </div>
      </div>
      <div
        class="mb-3"
        data-cy="contactSubject"
      >
        <label
          class="form-label"
          for="contactSubject"
        >
          Subject *
        </label>
        <input
          class="form-control"
          id="contactSubject"
          name="subject"
          required=""
          type="text"
        />
        <div
          class="invalid-feedback"
        >
          Please enter a subject.
        </div>
      </div>
      <div
        class="mb-3"
        data-cy="contactMessage"
      >
        <label
          class="form-label"
          for="contactMessage"
        >
          Message *
        </label>
        <textarea
          class="form-control"
          id="contactMessage"
          name="message"
          required=""
          rows="5"
        />
        <div
          class="invalid-feedback"
        >
          Please enter your message.
        </div>
      </div>
      <div
        class="mb-3"
        data-cy="contactRecaptcha"
      >
        <div
          data-testid="recaptcha"
        />
      </div>
      <button
        class="contactFormSubmitButton btn btn-primary"
        type="submit"
      >
        Submit
      </button>
    </form>
    <div
      style="display: none;"
    >
      <div
        class="fade contactFormSuccess alert alert-success show"
        data-cy="contactFormSuccess"
        role="alert"
      >
        <p>
          Thank you for your message. We're getting in touch with you soon.
        </p>
      </div>
    </div>
  </div>
</DocumentFragment>
`;
