// Jest Snapshot v1, https://goo.gl/fbAQLP

exports[`OpeningHours does not render empty data 1`] = `null`;

exports[`OpeningHours does not render empty globalSettings data 1`] = `null`;

exports[`OpeningHours renders correctly 1`] = `
<div
  className="openingHours"
>
  <h2>
    Opening Hours
  </h2>
  <div
    dangerouslySetInnerHTML={
      Object {
        "__html": <p>
          openingHours
        </p>,
      }
    }
  />
</div>
`;
