// Jest Snapshot v1, https://jestjs.io/docs/snapshot-testing

exports[`Footer renders correctly 1`] = `
<DocumentFragment>
  <footer
    class="footer"
  >
    <div
      class="footer__pre"
    >
      <ul>
        <li>
          facebook
        </li>
        <li>
          instagram
        </li>
        <li>
          tripadvisor
        </li>
      </ul>
    </div>
    <div
      class="footer__main"
    >
      <div
        class="text-center container"
      >
        <div
          class="justify-content-center nav"
        >
          <div
            class="nav-item"
          >
            <a
              class="nav-link"
              data-cy="footerLinkLegal"
              href="/legal"
            >
              Legal
            </a>
          </div>
          <div
            class="nav-item"
          >
            <a
              class="nav-link"
              data-cy="footerLinkDataPrivacy"
              href="/data-privacy"
            >
              Data Privacy
            </a>
          </div>
        </div>
        <div
          class="footer__address"
          data-cy="footerAddress"
        >
          <p>
            FooterAddress
          </p>
        </div>
      </div>
    </div>
  </footer>
</DocumentFragment>
`;
