// Jest Snapshot v1, https://jestjs.io/docs/snapshot-testing

exports[`ContactPagePreview renders correctly 1`] = `
[
  <header />,
  <section
    className="section"
  >
    <div
      className="container"
    >
      <div
        className="justify-content-md-center row"
      >
        <div
          className="col-md-8 col-12"
        >
          <div>
            content
          </div>
          <hr />
        </div>
      </div>
      <div
        className="justify-content-md-center row"
      >
        <div
          className="col-md-8 col-12"
        >
          <form />
        </div>
      </div>
    </div>
  </section>,
]
`;
