// Jest Snapshot v1, https://goo.gl/fbAQLP

exports[`ContactPagePreview renders correctly 1`] = `
Array [
  <header />,
  <section
    className="section"
  >
    <div
      className="container"
    >
      <div
        className="row"
      >
        <div
          className="col-12"
        >
          <div>
            content
          </div>
          <hr />
        </div>
        <div
          className="col-sm-4 col-12"
        >
          <p>
            Location
          </p>
          <hr />
          <a
            href="what3WordsAddress"
          >
            <img
              alt="what3WordsIcon"
              src="src"
            />
          </a>
          <hr />
          <p>
            Opening Hours
          </p>
          <hr />
        </div>
        <div
          className="col-sm-8 col-12"
        >
          <h2
            className="d-block d-sm-none"
          >
            Contact us
          </h2>
          <form />
        </div>
      </div>
    </div>
  </section>,
]
`;
