// Jest Snapshot v1, https://jestjs.io/docs/snapshot-testing

exports[`DefaultPagePreview renders correctly 1`] = `
<DocumentFragment>
  <header />
  <section
    class="section"
  >
    <div
      class="container"
    >
      <div
        class="row"
      >
        <div
          class="col-12"
        >
          <div>
            content
          </div>
        </div>
      </div>
    </div>
  </section>
</DocumentFragment>
`;
