// Jest Snapshot v1, https://jestjs.io/docs/snapshot-testing

exports[`GalleryPagePreview renders correctly 1`] = `
<DocumentFragment>
  <header />
  <section
    class="section"
  >
    <div
      class="gallery container"
    >
      <div
        class="row"
      >
        <div
          class="col-12"
        >
          <div>
            content
          </div>
          <hr />
        </div>
        <div
          class="gallery__image col-lg-4 col-md-6 col-sm-12 col-12"
          data-cy="galleryImage"
        >
          <div>
            <img
              alt="alt"
              src="src"
            />
          </div>
        </div>
        <div
          class="gallery__image col-lg-4 col-md-6 col-sm-12 col-12"
          data-cy="galleryImage"
        >
          <div>
            <img
              alt="alt"
              src="src"
            />
          </div>
        </div>
      </div>
    </div>
  </section>
</DocumentFragment>
`;
