// Jest Snapshot v1, https://jestjs.io/docs/snapshot-testing

exports[`StartPagePreview renders correctly 1`] = `
<DocumentFragment>
  <header
    class="startHeader"
  >
    <img
      alt="alt"
      src="src"
    />
    <div
      class="startHeader__content"
    >
      <div
        class="container"
      >
        <div
          class="startHeader__contentInner"
        >
          <h1
            class="display-1"
          >
            title
          </h1>
          <p
            class="lead"
          >
            subtitle
          </p>
        </div>
      </div>
    </div>
  </header>
  <section
    class="section"
  >
    <div
      class="container"
    >
      <div
        class="row"
      >
        <div
          class="col-sm-6 col-12 offset-sm-3"
        >
          <div>
            content
          </div>
        </div>
        <div
          class="col-12"
        >
          <hr />
        </div>
        <div
          class="col-sm-4 col-12"
          data-cy="startPageLocation"
        >
          <p>
            Location
          </p>
        </div>
        <div
          class="col-sm-4 col-12"
          data-cy="startPageWhat3Words"
        >
          <hr />
          <a
            href="what3WordsAddress"
          >
            <img
              alt="what3WordsIcon"
              src="src"
            />
          </a>
        </div>
        <div
          class="col-sm-4 col-12"
          data-cy="startPageOpeningHours"
        >
          <hr />
          <p>
            Opening Hours
          </p>
        </div>
      </div>
    </div>
  </section>
</DocumentFragment>
`;
